// Bun Snapshot v1, https://goo.gl/fbAQLP

exports[`compile a simple page 1`] = `{}`;
